
[1m[46m RUN [49m[22m [36mv4.0.16 [39m[90mD:/projects-self-all/BILL SPLIT APP[39m

 [31m❯[39m src/utils/calculations.test.ts [2m([22m[2m14 tests[22m[2m | [22m[31m3 failed[39m[2m)[22m[32m 23[2mms[22m[39m
       [32m✓[39m should validate EQUAL split when at least one participant is checked[32m 2[2mms[22m[39m
       [32m✓[39m should INVALIDATE EQUAL split when no participant is checked[32m 0[2mms[22m[39m
       [32m✓[39m should validate UNIT split when total units >= 1[32m 0[2mms[22m[39m
       [32m✓[39m should INVALIDATE UNIT split when total units < 1[32m 0[2mms[22m[39m
       [32m✓[39m should INVALIDATE UNIT split with negative numbers[32m 0[2mms[22m[39m
       [32m✓[39m Equal split (2 people)[32m 0[2mms[22m[39m
[31m       [31m×[31m Unit split (1 vs 2 rotis)[39m[32m 11[2mms[22m[39m
[31m       [31m×[31m Mixed items[39m[32m 3[2mms[22m[39m
       [32m✓[39m Invalid item (no consumers)[32m 1[2mms[22m[39m
[31m       [31m×[31m Mode switch recalculation (simulated)[39m[32m 1[2mms[22m[39m
       [32m✓[39m should deduct discount equally[32m 0[2mms[22m[39m
       [32m✓[39m should handle large discounts (negative results)[32m 0[2mms[22m[39m
       [32m✓[39m should ADD tax equally[32m 0[2mms[22m[39m
       [32m✓[39m should handle Tax + Discount combined[32m 0[2mms[22m[39m

[2m Test Files [22m [1m[31m2 failed[39m[22m[90m (2)[39m
[2m      Tests [22m [1m[31m3 failed[39m[22m[2m | [22m[1m[32m11 passed[39m[22m[90m (14)[39m
[2m   Start at [22m 20:04:15
[2m   Duration [22m 1.05s[2m (transform 401ms, setup 0ms, import 353ms, tests 23ms, environment 1ms)[22m

