
> billing-app@0.0.0 test
> vitest run calculations.test.ts


[1m[46m RUN [49m[22m [36mv4.0.16 [39m[90mD:/projects-self-all/BILL SPLIT APP[39m

 [31mΓ¥»[39m src/utils/calculations.test.ts [2m([22m[2m12 tests[22m[2m | [22m[31m2 failed[39m[2m)[22m[32m 16[2mms[22m[39m
       [32mΓ£ô[39m should validate EQUAL split when at least one participant is checked[32m 2[2mms[22m[39m
       [32mΓ£ô[39m should INVALIDATE EQUAL split when no participant is checked[32m 0[2mms[22m[39m
       [32mΓ£ô[39m should validate UNIT split when total units >= 1[32m 0[2mms[22m[39m
       [32mΓ£ô[39m should INVALIDATE UNIT split when total units < 1[32m 0[2mms[22m[39m
       [32mΓ£ô[39m should INVALIDATE UNIT split with negative numbers[32m 0[2mms[22m[39m
       [32mΓ£ô[39m Equal split (2 people)[32m 0[2mms[22m[39m
       [32mΓ£ô[39m Unit split (1 vs 2 rotis)[32m 0[2mms[22m[39m
       [32mΓ£ô[39m Mixed items[32m 0[2mms[22m[39m
       [32mΓ£ô[39m Invalid item (no consumers)[32m 0[2mms[22m[39m
       [32mΓ£ô[39m Mode switch recalculation (simulated)[32m 0[2mms[22m[39m
[31m       [31m├ù[31m should deduct discount equally[39m[32m 9[2mms[22m[39m
[31m       [31m├ù[31m should handle large discounts (negative results)[39m[32m 1[2mms[22m[39m
node.exe : 
At D:\nodejs\npm.ps1:29 char:3
+   & $NODE_EXE $NPM_CLI_JS $args
+   ~~~~~~~~~~~~~~~~~~~~~~~~~~~~~
    + CategoryInfo          : NotSpec 
   ified: (:String) [], RemoteExcept  
  ion
    + FullyQualifiedErrorId : NativeC 
   ommandError
 
[31mΓÄ»ΓÄ»ΓÄ»ΓÄ»ΓÄ»ΓÄ»ΓÄ»[39m[1m[4
1m Failed Tests 2 [49m[22m[31mΓÄ»ΓÄ
»ΓÄ»ΓÄ»ΓÄ»ΓÄ»ΓÄ»[39m

[41m[1m FAIL [22m[49m 
src/utils/calculations.test.ts[2m > 
[22mCore Engine Tests[2m > 
[22mPhase 4: Global Discount[2m > 
[22mshould deduct discount equally
[31m[1mAssertionError[22m: 
expected 50 to be 45 // Object.is 
equality[39m

[32m- Expected[39m
[31m+ Received[39m

[32m- 45[39m
[31m+ 50[39m

[36m [2mΓ¥»[22m src/utils/calculati
ons.test.ts:[2m140:34[22m[39m
    [90m138| [39m            // 
Total 100. Share 50 each. Discount 10 
-> 5 each. Final ΓÇª
    [90m139| [39m            
[35mconst[39m finals [33m=[39m [3
4mcalculateBillSplit[39m(bill)[33m;
[39m
    [90m140| [39m            [34mex
pect[39m(finals[[32m'p1'[39m])[33m
.[39m[34mtoBe[39m([34m45[39m)[33
m;[39m
    [90m   | [39m                   
              [31m^[39m
    [90m141| [39m            [34mex
pect[39m(finals[[32m'p2'[39m])[33m
.[39m[34mtoBe[39m([34m45[39m)[33
m;[39m
    [90m142| [39m        
})[33m;[39m

[31m[2mΓÄ»ΓÄ»ΓÄ»ΓÄ»ΓÄ»ΓÄ»ΓÄ»ΓÄ»ΓÄ»ΓÄ
»ΓÄ»ΓÄ»ΓÄ»ΓÄ»ΓÄ»ΓÄ»ΓÄ»ΓÄ»ΓÄ»ΓÄ»ΓÄ»ΓÄ»Γ
Ä»ΓÄ»[1/2]ΓÄ»[22m[39m

[41m[1m FAIL [22m[49m 
src/utils/calculations.test.ts[2m > 
[22mCore Engine Tests[2m > 
[22mPhase 4: Global Discount[2m > 
[22mshould handle large discounts 
(negative results)
[31m[1mAssertionError[22m: 
expected 50 to be -10 // Object.is 
equality[39m

[32m- Expected[39m
[31m+ Received[39m

[32m- -10[39m
[31m+ 50[39m

[36m [2mΓ¥»[22m src/utils/calculati
ons.test.ts:[2m154:34[22m[39m
    [90m152| [39m            // 
Total 100. Share 50 each. Discount 
120 -> 60 each. FinaΓÇª
    [90m153| [39m            
[35mconst[39m finals [33m=[39m [3
4mcalculateBillSplit[39m(bill)[33m;
[39m
    [90m154| [39m            [34mex
pect[39m(finals[[32m'p1'[39m])[33m
.[39m[34mtoBe[39m([33m-[39m[34m1
0[39m)[33m;[39m
    [90m   | [39m                   
              [31m^[39m
    [90m155| [39m            [34mex
pect[39m(finals[[32m'p2'[39m])[33m
.[39m[34mtoBe[39m([33m-[39m[34m1
0[39m)[33m;[39m
    [90m156| [39m        
})[33m;[39m

[31m[2mΓÄ»ΓÄ»ΓÄ»ΓÄ»ΓÄ»ΓÄ»ΓÄ»ΓÄ»ΓÄ»ΓÄ
»ΓÄ»ΓÄ»ΓÄ»ΓÄ»ΓÄ»ΓÄ»ΓÄ»ΓÄ»ΓÄ»ΓÄ»ΓÄ»ΓÄ»Γ
Ä»ΓÄ»[2/2]ΓÄ»[22m[39m


[2m Test Files [22m [1m[31m1 failed[39m[22m[90m (1)[39m
[2m      Tests [22m [1m[31m2 failed[39m[22m[2m | [22m[1m[32m10 passed[39m[22m[90m (12)[39m
[2m   Start at [22m 13:46:22
[2m   Duration [22m 630ms[2m (transform 115ms, setup 0ms, import 173ms, tests 16ms, environment 0ms)[22m

